<html>
<body>
<pre>
<h1>µVision Build Log</h1>
<h2>Tool Versions:</h2>
IDE-Version: µVision V5.24.2.0
Copyright (C) 2017 ARM Ltd and ARM Germany GmbH. All rights reserved.
License Information: Leonard Krieger, HP Inc., LIC=Y2BNN-YERLE-JM998-3R3WL-X2RWR-YHLXR
 
Tool Versions:
Toolchain:       MDK-ARM Professional  Version: 5.24.1
Toolchain Path:  e:\Installs\Programming\Keil_v5\ARM\ARMCC\Bin
C Compiler:      Armcc.exe V5.06 update 5 (build 528)
Assembler:       Armasm.exe V5.06 update 5 (build 528)
Linker/Locator:  ArmLink.exe V5.06 update 5 (build 528)
Library Manager: ArmAr.exe V5.06 update 5 (build 528)
Hex Converter:   FromElf.exe V5.06 update 5 (build 528)
CPU DLL:         SARMCM3.DLL V5.24.1
Dialog DLL:      DCM.DLL V1.16.0.0
Target DLL:      STLink\ST-LINKIII-KEIL_SWO.dll V3.0.1.0
Dialog DLL:      TCM.DLL V1.32.0.0
 
<h2>Project:</h2>
E:\CODE\LCD_Touch\LCD_Touch.uvprojx
Project File Date:  03/15/2018

<h2>Output:</h2>
*** Using Compiler 'V5.06 update 5 (build 528)', folder: 'e:\Installs\Programming\Keil_v5\ARM\ARMCC\Bin'
Build target 'Target 1'
compiling GUI_SingleThread.c...
linking...
Program Size: Code=76620 RO-data=11612 RW-data=1036 ZI-data=495092  
".\Objects\LCD_Touch.axf" - 0 Error(s), 0 Warning(s).

<h2>Software Packages used:</h2>

Package Vendor: ARM
                http://www.keil.com/pack/ARM.CMSIS.5.2.0.pack
                ARM.CMSIS.5.2.0
                CMSIS (Cortex Microcontroller Software Interface Standard)
   * Component: Keil RTX Version: 4.81.1
   * Component: CORE Version: 5.0.2
   * Component: RTOS Version: 1.0.0

Package Vendor: Keil
                http://www.keil.com/pack/Keil.MDK-Middleware.7.4.1.pack
                Keil.MDK-Middleware.7.4.1
                Middleware for Keil MDK-Professional and MDK-Plus
   * Component: Touchscreen Version: 5.36.6
   * Component: CORE Version: 5.36.6
   * Component: emWin LCD Version: 1.1.0
   * Component: Touchscreen Version: 1.0.1
   * Component: LED Version: 1.0.0

Package Vendor: Keil
                http://www.keil.com/pack/Keil.STM32F7xx_DFP.2.9.0.pack
                Keil.STM32F7xx_DFP.2.9.0
                STMicroelectronics STM32F7 Series Device Support, Drivers and Examples
   * Component: STM32F746G-Discovery Variant: RGB IF Version: 1.0.0
   * Component: Startup Version: 1.2.0
   * Component: UART Version: 1.2.0
   * Component: SDRAM Version: 1.2.0
   * Component: RCC Version: 1.2.0
   * Component: PWR Version: 1.2.0
   * Component: LTDC Version: 1.2.0
   * Component: I2C Version: 1.2.0
   * Component: GPIO Version: 1.2.0
   * Component: DMA2D Version: 1.2.0
   * Component: DMA Version: 1.2.0
   * Component: Cortex Version: 1.2.0
   * Component: Common Version: 1.2.0
   * Component: Classic Version: 1.2.0
   * Component: emWin LCD Variant: RGB IF Version: 1.1.1
   * Component: Touchscreen Version: 1.1.1
   * Component: LED Version: 1.1.1
   * Component: Touch Screen Version: 1.1.1
   * Component: SDRAM Version: 1.1.1
   * Component: Basic I/O Version: 1.1.1
   * Component: STM32Cube Framework Version: 1.0.0

<h2>Collection of Component include folders:</h2>
  .\RTE\Device\STM32F746NGHx
  .\RTE\_Target_1
  e:\Installs\Programming\Keil_v5\ARM\PACK\ARM\CMSIS\5.2.0\CMSIS\Include
  e:\Installs\Programming\Keil_v5\ARM\PACK\ARM\CMSIS\5.2.0\CMSIS\RTOS\RTX\INC
  e:\Installs\Programming\Keil_v5\ARM\PACK\Keil\MDK-Middleware\7.4.1\Board
  e:\Installs\Programming\Keil_v5\ARM\PACK\Keil\MDK-Middleware\7.4.1\emWin\Include
  e:\Installs\Programming\Keil_v5\ARM\PACK\Keil\STM32F7xx_DFP\2.9.0\Drivers\BSP\STM32746G-Discovery
  e:\Installs\Programming\Keil_v5\ARM\PACK\Keil\STM32F7xx_DFP\2.9.0\Drivers\CMSIS\Device\ST\STM32F7xx\Include
  e:\Installs\Programming\Keil_v5\ARM\PACK\Keil\STM32F7xx_DFP\2.9.0\Drivers\STM32F7xx_HAL_Driver\Inc

<h2>Collection of Component Files used:</h2>

   * Component: Segger.MDK-Pro::Graphics:Input Device:Touchscreen:5.36.6
      Source file:   emWin\Sample\GUI_X\GUI_X_Touch.c

   * Component: Segger.MDK-Pro::Graphics:CORE:5.36.6
      Source file:   emWin\Sample\GUI_X\GUI_X_RTE.c
      Library file:  emWin\Lib\ARM\GUI_CM4F_L.lib
      Source file:   emWin\Sample\Template\GUI_MultiThread.c
      Include file:  emWin\Include\GUI.h
      Source file:   emWin\Sample\Template\GUI_TemplateThread.c
      Source file:   emWin\Sample\Template\GUI_SingleThread.c
      Source file:   emWin\Sample\Config\GUIConf.c

   * Component: Keil::Graphics Display:STM32F746G-Discovery:RGB IF:1.0.0
      Source file:   MDK\Boards\ST\STM32F746G_Discovery\Common\LCDConf.c

   * Component: Keil::Device:Startup:1.2.0
      Source file:   MDK\Device\Source\ARM\STM32F7xx_OPT.s
      Include file:  Drivers\CMSIS\Device\ST\STM32F7xx\Include\stm32f7xx.h
      Source file:   Drivers\CMSIS\Device\ST\STM32F7xx\Source\Templates\arm\startup_stm32f746xx.s
      Source file:   MDK\Device\Source\ARM\STM32F7xx_OTP.s
      Source file:   Drivers\CMSIS\Device\ST\STM32F7xx\Source\Templates\system_stm32f7xx.c

   * Component: Keil::Device:STM32Cube HAL:UART:1.2.0
      Source file:   Drivers\STM32F7xx_HAL_Driver\Src\stm32f7xx_hal_uart.c

   * Component: Keil::Device:STM32Cube HAL:SDRAM:1.2.0
      Source file:   Drivers\STM32F7xx_HAL_Driver\Src\stm32f7xx_ll_fmc.c
      Source file:   Drivers\STM32F7xx_HAL_Driver\Src\stm32f7xx_hal_sdram.c

   * Component: Keil::Device:STM32Cube HAL:RCC:1.2.0
      Source file:   Drivers\STM32F7xx_HAL_Driver\Src\stm32f7xx_hal_rcc.c
      Source file:   Drivers\STM32F7xx_HAL_Driver\Src\stm32f7xx_hal_rcc_ex.c

   * Component: Keil::Device:STM32Cube HAL:PWR:1.2.0
      Source file:   Drivers\STM32F7xx_HAL_Driver\Src\stm32f7xx_hal_pwr_ex.c
      Source file:   Drivers\STM32F7xx_HAL_Driver\Src\stm32f7xx_hal_pwr.c

   * Component: Keil::Device:STM32Cube HAL:LTDC:1.2.0
      Source file:   Drivers\STM32F7xx_HAL_Driver\Src\stm32f7xx_hal_ltdc.c
      Source file:   Drivers\STM32F7xx_HAL_Driver\Src\stm32f7xx_hal_ltdc_ex.c

   * Component: Keil::Device:STM32Cube HAL:I2C:1.2.0
      Source file:   Drivers\STM32F7xx_HAL_Driver\Src\stm32f7xx_hal_i2c_ex.c
      Source file:   Drivers\STM32F7xx_HAL_Driver\Src\stm32f7xx_hal_i2c.c

   * Component: Keil::Device:STM32Cube HAL:GPIO:1.2.0
      Source file:   Drivers\STM32F7xx_HAL_Driver\Src\stm32f7xx_hal_gpio.c

   * Component: Keil::Device:STM32Cube HAL:DMA2D:1.2.0
      Source file:   Drivers\STM32F7xx_HAL_Driver\Src\stm32f7xx_hal_dma2d.c

   * Component: Keil::Device:STM32Cube HAL:DMA:1.2.0
      Source file:   Drivers\STM32F7xx_HAL_Driver\Src\stm32f7xx_hal_dma.c
      Source file:   Drivers\STM32F7xx_HAL_Driver\Src\stm32f7xx_hal_dma_ex.c

   * Component: Keil::Device:STM32Cube HAL:Cortex:1.2.0
      Source file:   Drivers\STM32F7xx_HAL_Driver\Src\stm32f7xx_hal_cortex.c

   * Component: Keil::Device:STM32Cube HAL:Common:1.2.0
      Source file:   Drivers\STM32F7xx_HAL_Driver\Src\stm32f7xx_hal.c
      Include file:  Drivers\STM32F7xx_HAL_Driver\Inc\stm32f7xx_hal.h

   * Component: Keil::Device:STM32Cube Framework:Classic:1.2.0
      Include file:  MDK\Templates\Inc\main.h
      Source file:   MDK\Templates\Src\stm32f7xx_hal_msp.c
      Include file:  CMSIS\Driver\Config\RTE_Device.h
      Source file:   MDK\Templates\Src\stm32f7xx_it.c
      Include file:  MDK\Templates\Inc\stm32f7xx_it.h
      Include file:  MDK\Templates\Inc\stm32f7xx_hal_conf.h
      Source file:   MDK\Templates\Src\main.c

   * Component: Keil.STM32F746G-Discovery::Board Support:emWin LCD:RGB IF:1.1.1
      Source file:   MDK\Boards\ST\STM32F746G_Discovery\Common\LCD_X.c

   * Component: Keil.STM32F746G-Discovery::Board Support:Touchscreen:1.1.1
      Source file:   MDK\Boards\ST\STM32F746G_Discovery\Common\Touch_746G_Discovery.c

   * Component: Keil.STM32F746G-Discovery::Board Support:LED:1.1.1
      Source file:   MDK\Boards\ST\STM32F746G_Discovery\Common\LED_746G_Discovery.c

   * Component: Keil.STM32F746G-Discovery::Board Support:Drivers:Touch Screen:1.1.1
      Source file:   Drivers\BSP\Components\ft5336\ft5336.c
      Include file:  Drivers\BSP\STM32746G-Discovery\stm32746g_discovery_ts.h
      Source file:   Drivers\BSP\STM32746G-Discovery\stm32746g_discovery_ts.c

   * Component: Keil.STM32F746G-Discovery::Board Support:Drivers:SDRAM:1.1.1
      Source file:   Drivers\BSP\STM32746G-Discovery\stm32746g_discovery_sdram.c
      Include file:  Drivers\BSP\STM32746G-Discovery\stm32746g_discovery_sdram.h

   * Component: Keil.STM32F746G-Discovery::Board Support:Drivers:Basic I/O:1.1.1
      Include file:  Drivers\BSP\STM32746G-Discovery\stm32746g_discovery.h
      Source file:   Drivers\BSP\STM32746G-Discovery\stm32746g_discovery.c

   * Component: ARM::CMSIS:RTOS:Keil RTX:4.81.1
      Source file:   CMSIS\RTOS\RTX\Templates\RTX_Conf_CM.c
      Source file:   CMSIS\RTOS\RTX\UserCodeTemplates\MemPool.c
      Source file:   CMSIS\RTOS\RTX\UserCodeTemplates\MsgQueue.c
      Source file:   CMSIS\RTOS\RTX\UserCodeTemplates\Semaphore.c
      Source file:   CMSIS\RTOS\RTX\UserCodeTemplates\Timer.c
      Include file:  CMSIS\RTOS\RTX\UserCodeTemplates\osObjects.h
      Source file:   CMSIS\RTOS\RTX\UserCodeTemplates\Thread.c
      Include file:  CMSIS\RTOS\RTX\INC\cmsis_os.h
      Source file:   CMSIS\RTOS\RTX\UserCodeTemplates\MailQueue.c
      Library file:  CMSIS\RTOS\RTX\LIB\ARM\RTX_CM4.lib
      Source file:   CMSIS\RTOS\RTX\UserCodeTemplates\main.c
      Source file:   CMSIS\RTOS\RTX\SRC\ARM\SVC_Table.s
      Source file:   CMSIS\RTOS\RTX\UserCodeTemplates\Mutex.c

   * Component: ARM::CMSIS:CORE:5.0.2

   * Component: ::Device:STM32Cube Framework:1.0.0 (API)

   * Component: ::CMSIS:RTOS:1.0.0 (API)

   * Component: ::Board Support:emWin LCD:1.1.0 (API)
      Include file:  emWin\Include\LCD_X.h

   * Component: ::Board Support:Touchscreen:1.0.1 (API)
      Include file:  Board\Board_Touch.h

   * Component: ::Board Support:LED:1.0.0 (API)
      Include file:  Board\Board_LED.h
Build Time Elapsed:  00:00:01
</pre>
</body>
</html>
